============================= test session starts =============================
platform win32 -- Python 3.13.5, pytest-8.3.4, pluggy-1.5.0 -- C:\Users\ivonm\anaconda3\python.exe
cachedir: .pytest_cache
django: version: 4.2, settings: config.settings.test (from ini)
rootdir: C:\Users\ivonm\OneDrive\Documents\GitHub\HR\tests
configfile: pytest.ini
plugins: dash-3.3.0, anyio-4.7.0, Faker-38.2.0, locust-2.42.6, base-url-2.1.0, cov-7.0.0, django-4.11.1, playwright-0.7.2
collecting ... collected 1 item

tests\test_config_settings.py::DjangoSettingsTests::test_debug_setting ERROR [100%]

=================================== ERRORS ====================================
__________ ERROR at setup of DjangoSettingsTests.test_debug_setting ___________
..\..\..\..\anaconda3\Lib\site-packages\pytest_django\plugin.py:584: in _django_setup_unittest
    request.getfixturevalue("django_db_setup")
..\..\..\..\anaconda3\Lib\site-packages\pytest_django\fixtures.py:198: in django_db_setup
    db_cfg = setup_databases(
..\..\..\..\anaconda3\Lib\site-packages\django\test\utils.py:221: in setup_databases
    connection.creation.create_test_db(
..\..\..\..\anaconda3\Lib\site-packages\django\db\backends\base\creation.py:78: in create_test_db
    call_command(
..\..\..\..\anaconda3\Lib\site-packages\django\core\management\__init__.py:194: in call_command
    return command.execute(*args, **defaults)
..\..\..\..\anaconda3\Lib\site-packages\django\core\management\base.py:458: in execute
    output = self.handle(*args, **options)
..\..\..\..\anaconda3\Lib\site-packages\django\core\management\base.py:106: in wrapper
    res = handle_func(*args, **kwargs)
..\..\..\..\anaconda3\Lib\site-packages\django\core\management\commands\migrate.py:321: in handle
    self.sync_apps(connection, executor.loader.unmigrated_apps)
..\..\..\..\anaconda3\Lib\site-packages\django\core\management\commands\migrate.py:483: in sync_apps
    editor.create_model(model)
..\..\..\..\anaconda3\Lib\site-packages\django\db\backends\base\schema.py:448: in create_model
    sql, params = self.table_sql(model)
..\..\..\..\anaconda3\Lib\site-packages\django\db\backends\base\schema.py:218: in table_sql
    definition, extra_params = self.column_sql(model, field)
..\..\..\..\anaconda3\Lib\site-packages\django\db\backends\base\schema.py:352: in column_sql
    field_db_params = field.db_parameters(connection=self.connection)
..\..\..\..\anaconda3\Lib\site-packages\django\db\models\fields\related.py:1166: in db_parameters
    target_db_parameters = self.target_field.db_parameters(connection)
..\..\..\..\anaconda3\Lib\site-packages\django\db\models\fields\related.py:1059: in target_field
    return self.foreign_related_fields[0]
..\..\..\..\anaconda3\Lib\site-packages\django\utils\functional.py:57: in __get__
    res = instance.__dict__[self.name] = self.func(instance)
..\..\..\..\anaconda3\Lib\site-packages\django\db\models\fields\related.py:746: in foreign_related_fields
    rhs_field for lhs_field, rhs_field in self.related_fields if rhs_field
..\..\..\..\anaconda3\Lib\site-packages\django\utils\functional.py:57: in __get__
    res = instance.__dict__[self.name] = self.func(instance)
..\..\..\..\anaconda3\Lib\site-packages\django\db\models\fields\related.py:733: in related_fields
    return self.resolve_related_fields()
..\..\..\..\anaconda3\Lib\site-packages\django\db\models\fields\related.py:1086: in resolve_related_fields
    related_fields = super().resolve_related_fields()
..\..\..\..\anaconda3\Lib\site-packages\django\db\models\fields\related.py:711: in resolve_related_fields
    raise ValueError(
E   ValueError: Related model 'core.Tenant' cannot be resolved
---------------------------- Captured stderr setup ----------------------------
Creating test database for alias 'default'...

=========================== short test summary info ===========================
ERROR tests\test_config_settings.py::DjangoSettingsTests::test_debug_setting
============================== 1 error in 0.73s ===============================
pytest : Exception ignored in: <django.core.management.base.OutputWrapper object at 0x000002120B811660>
No linha:1 caractere:1
+ pytest tests/test_config_settings.py::DjangoSettingsTests::test_debug ...
+ ~~~~~~~~~~~~~~~~~~~~~~~~~~~~~~~~~~~~~~~~~~~~~~~~~~~~~~~~~~~~~~~~~~~~~
    + CategoryInfo          : NotSpecified: (Exception ignor...0002120B811660>:String) [], RemoteException
    + FullyQualifiedErrorId : NativeCommandError
 
Traceback (most recent call last):
  File "C:\Users\ivonm\anaconda3\Lib\site-packages\django\core\management\base.py", line 170, in flush
    self._out.flush()
ValueError: I/O operation on closed file.
Exception ignored in: <django.core.management.base.OutputWrapper object at 0x000002120C8E1090>
Traceback (most recent call last):
  File "C:\Users\ivonm\anaconda3\Lib\site-packages\django\core\management\base.py", line 170, in flush
    self._out.flush()
ValueError: I/O operation on closed file.
